====================================================================
  selftest — ตรวจ schema, กฎตรวจ, และด่านความปลอดภัย SQL
====================================================================
  [ ok ] ข้อมูลตัวอย่างผ่าน schema
  [ ok ] จับรหัสวิชาผิดรูปแบบ
  [ ok ] จับเทอมนอกช่วง
  [ ok ] import Lab 7B แยกหน่วยกิตและชั่วโมง
  [ ok ] import Lab 7B แยก prerequisite
  [ ok ] import Lab 7B แปลง wildcard เป็นสล็อต
  [ ok ] wildcard ไม่เข้า course table
  [ ok ] รายวิชาในคลังวิชาเลือกไม่กลายเป็นสล็อตในแผน
  [ ok ] รายวิชาในคลังยังอยู่ใน course table
  [ ok ] คลังวิชาเสริมเข้า course table
  [ ok ] คลังวิชาเสริมไม่สร้าง plan item เอง
  [ ok ] เติม LIMIT ให้อัตโนมัติ
  [ ok ] ไม่เติม LIMIT ซ้ำ
  [ ok ] ปฏิเสธ DROP
  [ ok ] ปฏิเสธ หลายคำสั่ง
  [ ok ] ปฏิเสธ UPDATE
  [ ok ] ปฏิเสธ PRAGMA
  [ ok ] ยอมรับ WITH
  [ ok ] ตัด think ออกจาก SQL
  [ ok ] ข้อมูลถูกต้องไม่ทำให้กฎเตือนผิด (false alarm = 0)
  [ ok ] นับวิชาเลือกอย่างใดอย่างหนึ่งครั้งเดียว
  [ ok ] ภาคสหกิจนับได้ 6 หน่วยกิต
  [ ok ] CHK4 จับหน่วยกิตไม่ตรงกัน
  [ ok ] CHK2 จับรหัสที่ไม่มีคำอธิบาย
  [ ok ] CHK5 จับลำดับวิชาบังคับก่อนผิด
  [ ok ] CHK1 จับหน่วยกิตรวมไม่ตรง
  [ ok ] CHK6 จับวิชาซ้ำในภาคเดียวกัน
  [ ok ] CHK7 จับหน่วยกิตต่อภาคเกินเกณฑ์
  [ ok ] CHK7 ยอมรับภาคที่มีเฉพาะสล็อตเลือก 3 หน่วยกิต
  [ ok ] คืนค่าแล้วไม่มีคำเตือนค้าง
====================================================================
  ผ่าน 30 / ไม่ผ่าน 0
====================================================================
