AI-2566-coop/H01/1 200 True
AI-2566-coop/H01/2 200 True
AI-2566-coop/H01/3 200 True
AI-2566-coop/H02/1 200 True
AI-2566-coop/H02/2 200 True
AI-2566-coop/H02/3 200 True
AI-2566-coop/H03/1 200 True
AI-2566-coop/H03/2 200 True
AI-2566-coop/H03/3 200 True
AI-2566-coop/H04/1 200 True
AI-2566-coop/H04/2 200 True
AI-2566-coop/H04/3 200 True
AI-2566-coop/H05/1 200 True
AI-2566-coop/H05/2 200 True
AI-2566-coop/H05/3 200 True
AI-2566-coop/H06/1 200 True
AI-2566-coop/H06/2 200 True
AI-2566-coop/H06/3 200 True
AI-2566-coop/H07/1 200 True
AI-2566-coop/H07/2 200 True
AI-2566-coop/H07/3 200 True
AI-2566-coop/H08/1 200 True
AI-2566-coop/H08/2 200 True
AI-2566-coop/H08/3 200 True
AI-2566-coop/H09/1 200 True
AI-2566-coop/H09/2 200 True
AI-2566-coop/H09/3 200 True
AI-2566-coop/H10/1 200 True
AI-2566-coop/H10/2 200 True
AI-2566-coop/H10/3 200 True
AI-2566-coop/H11/1 200 True
AI-2566-coop/H11/2 200 True
AI-2566-coop/H11/3 200 True
AI-2566-coop/H12/1 200 True
AI-2566-coop/H12/2 200 True
AI-2566-coop/H12/3 200 True
DSBA-2565-coop/H01/1 200 True
DSBA-2565-coop/H01/2 200 True
DSBA-2565-coop/H01/3 200 True
DSBA-2565-coop/H02/1 200 True
DSBA-2565-coop/H02/2 200 True
DSBA-2565-coop/H02/3 200 True
DSBA-2565-coop/H03/1 200 True
DSBA-2565-coop/H03/2 200 True
DSBA-2565-coop/H03/3 200 True
DSBA-2565-coop/H04/1 200 True
DSBA-2565-coop/H04/2 200 True
DSBA-2565-coop/H04/3 200 True
DSBA-2565-coop/H05/1 200 True
DSBA-2565-coop/H05/2 200 True
DSBA-2565-coop/H05/3 200 True
DSBA-2565-coop/H06/1 200 True
DSBA-2565-coop/H06/2 200 True
DSBA-2565-coop/H06/3 200 True
DSBA-2565-coop/H07/1 200 False
DSBA-2565-coop/H07/2 200 False
DSBA-2565-coop/H07/3 200 False
DSBA-2565-coop/H08/1 200 True
DSBA-2565-coop/H08/2 200 True
DSBA-2565-coop/H08/3 200 True
DSBA-2565-coop/H09/1 200 True
DSBA-2565-coop/H09/2 200 True
DSBA-2565-coop/H09/3 200 True
DSBA-2565-coop/H10/1 200 True
DSBA-2565-coop/H10/2 200 True
DSBA-2565-coop/H10/3 200 True
DSBA-2565-coop/H11/1 200 True
DSBA-2565-coop/H11/2 200 True
DSBA-2565-coop/H11/3 200 True
DSBA-2565-coop/H12/1 200 True
DSBA-2565-coop/H12/2 200 True
DSBA-2565-coop/H12/3 200 True
DSBA-2565-no-coop/H01/1 200 True
DSBA-2565-no-coop/H01/2 200 True
DSBA-2565-no-coop/H01/3 200 True
DSBA-2565-no-coop/H02/1 200 True
DSBA-2565-no-coop/H02/2 200 True
DSBA-2565-no-coop/H02/3 200 True
DSBA-2565-no-coop/H03/1 200 True
DSBA-2565-no-coop/H03/2 200 True
DSBA-2565-no-coop/H03/3 200 True
DSBA-2565-no-coop/H04/1 200 True
DSBA-2565-no-coop/H04/2 200 True
DSBA-2565-no-coop/H04/3 200 True
DSBA-2565-no-coop/H05/1 200 True
DSBA-2565-no-coop/H05/2 200 True
DSBA-2565-no-coop/H05/3 200 True
DSBA-2565-no-coop/H06/1 200 True
DSBA-2565-no-coop/H06/2 200 True
DSBA-2565-no-coop/H06/3 200 True
DSBA-2565-no-coop/H07/1 200 False
DSBA-2565-no-coop/H07/2 200 False
DSBA-2565-no-coop/H07/3 200 False
DSBA-2565-no-coop/H08/1 200 False
DSBA-2565-no-coop/H08/2 200 False
DSBA-2565-no-coop/H08/3 200 False
DSBA-2565-no-coop/H09/1 200 True
DSBA-2565-no-coop/H09/2 200 True
DSBA-2565-no-coop/H09/3 200 True
DSBA-2565-no-coop/H10/1 200 True
DSBA-2565-no-coop/H10/2 200 True
DSBA-2565-no-coop/H10/3 200 True
DSBA-2565-no-coop/H11/1 200 True
DSBA-2565-no-coop/H11/2 200 True
DSBA-2565-no-coop/H11/3 200 True
DSBA-2565-no-coop/H12/1 200 True
DSBA-2565-no-coop/H12/2 200 True
DSBA-2565-no-coop/H12/3 200 True
IT-2565-coop/H01/1 200 True
IT-2565-coop/H01/2 200 True
IT-2565-coop/H01/3 200 True
IT-2565-coop/H02/1 200 True
IT-2565-coop/H02/2 200 True
IT-2565-coop/H02/3 200 True
IT-2565-coop/H03/1 200 True
IT-2565-coop/H03/2 200 True
IT-2565-coop/H03/3 200 True
IT-2565-coop/H04/1 200 True
IT-2565-coop/H04/2 200 True
IT-2565-coop/H04/3 200 True
IT-2565-coop/H05/1 200 True
IT-2565-coop/H05/2 200 True
IT-2565-coop/H05/3 200 True
IT-2565-coop/H06/1 200 True
IT-2565-coop/H06/2 200 True
IT-2565-coop/H06/3 200 True
IT-2565-coop/H07/1 200 True
IT-2565-coop/H07/2 200 True
IT-2565-coop/H07/3 200 True
IT-2565-coop/H08/1 200 True
IT-2565-coop/H08/2 200 True
IT-2565-coop/H08/3 200 True
IT-2565-coop/H09/1 200 True
IT-2565-coop/H09/2 200 True
IT-2565-coop/H09/3 200 True
IT-2565-coop/H10/1 200 True
IT-2565-coop/H10/2 200 True
IT-2565-coop/H10/3 200 True
IT-2565-coop/H11/1 200 True
IT-2565-coop/H11/2 200 True
IT-2565-coop/H11/3 200 True
IT-2565-coop/H12/1 200 True
IT-2565-coop/H12/2 200 True
IT-2565-coop/H12/3 200 True
IT-2565-no-coop/H01/1 200 True
IT-2565-no-coop/H01/2 200 True
IT-2565-no-coop/H01/3 200 True
IT-2565-no-coop/H02/1 200 True
IT-2565-no-coop/H02/2 200 True
IT-2565-no-coop/H02/3 200 True
IT-2565-no-coop/H03/1 200 True
IT-2565-no-coop/H03/2 200 True
IT-2565-no-coop/H03/3 200 True
IT-2565-no-coop/H04/1 200 True
IT-2565-no-coop/H04/2 200 True
IT-2565-no-coop/H04/3 200 True
IT-2565-no-coop/H05/1 200 True
IT-2565-no-coop/H05/2 200 True
IT-2565-no-coop/H05/3 200 True
IT-2565-no-coop/H06/1 200 True
IT-2565-no-coop/H06/2 200 True
IT-2565-no-coop/H06/3 200 True
IT-2565-no-coop/H07/1 200 True
IT-2565-no-coop/H07/2 200 True
IT-2565-no-coop/H07/3 200 True
IT-2565-no-coop/H08/1 200 True
IT-2565-no-coop/H08/2 200 True
IT-2565-no-coop/H08/3 200 True
IT-2565-no-coop/H09/1 200 True
IT-2565-no-coop/H09/2 200 True
IT-2565-no-coop/H09/3 200 True
IT-2565-no-coop/H10/1 200 True
IT-2565-no-coop/H10/2 200 True
IT-2565-no-coop/H10/3 200 True
IT-2565-no-coop/H11/1 200 True
IT-2565-no-coop/H11/2 200 True
IT-2565-no-coop/H11/3 200 True
IT-2565-no-coop/H12/1 200 True
IT-2565-no-coop/H12/2 200 True
IT-2565-no-coop/H12/3 200 True
{"passed": 171, "n": 180, "missing_frozen_profiles": ["legacy-course-catalog", "BIT-2560-coop", "BIT-2560-no-coop", "BIT-2565-coop", "BIT-2565-no-coop", "DSBA-2560-coop", "DSBA-2560-no-coop", "IT-2560-coop", "IT-2560-no-coop"], "supported_unknown_answers": 0, "uncertainty_answers": 0}
